# serializer version: 1
# name: test_sensors_asleep[mock_owlet_entry0][switch.owlet_sock_serial_number_base_station_on-entry]
  EntityRegistryEntrySnapshot({
    'aliases': set({
    }),
    'area_id': None,
    'capabilities': None,
    'config_entry_id': <ANY>,
    'config_subentry_id': <ANY>,
    'device_class': None,
    'device_id': <ANY>,
    'disabled_by': None,
    'domain': 'switch',
    'entity_category': None,
    'entity_id': 'switch.owlet_sock_serial_number_base_station_on',
    'has_entity_name': True,
    'hidden_by': None,
    'icon': None,
    'id': <ANY>,
    'labels': set({
    }),
    'name': None,
    'options': dict({
    }),
    'original_device_class': None,
    'original_icon': None,
    'original_name': 'Base station on',
    'platform': 'owlet',
    'previous_unique_id': None,
    'supported_features': 0,
    'translation_key': 'base_on',
    'unique_id': 'SERIAL_NUMBER-base_station_on',
    'unit_of_measurement': None,
  })
# ---
# name: test_sensors_asleep[mock_owlet_entry0][switch.owlet_sock_serial_number_base_station_on-state]
  StateSnapshot({
    'attributes': ReadOnlyDict({
      'friendly_name': 'Owlet Sock SERIAL_NUMBER Base station on',
    }),
    'context': <ANY>,
    'entity_id': 'switch.owlet_sock_serial_number_base_station_on',
    'last_changed': <ANY>,
    'last_reported': <ANY>,
    'last_updated': <ANY>,
    'state': 'unavailable',
  })
# ---
# name: test_sensors_awake[mock_owlet_entry0][switch.owlet_sock_serial_number_base_station_on-entry]
  EntityRegistryEntrySnapshot({
    'aliases': set({
    }),
    'area_id': None,
    'capabilities': None,
    'config_entry_id': <ANY>,
    'config_subentry_id': <ANY>,
    'device_class': None,
    'device_id': <ANY>,
    'disabled_by': None,
    'domain': 'switch',
    'entity_category': None,
    'entity_id': 'switch.owlet_sock_serial_number_base_station_on',
    'has_entity_name': True,
    'hidden_by': None,
    'icon': None,
    'id': <ANY>,
    'labels': set({
    }),
    'name': None,
    'options': dict({
    }),
    'original_device_class': None,
    'original_icon': None,
    'original_name': 'Base station on',
    'platform': 'owlet',
    'previous_unique_id': None,
    'supported_features': 0,
    'translation_key': 'base_on',
    'unique_id': 'SERIAL_NUMBER-base_station_on',
    'unit_of_measurement': None,
  })
# ---
# name: test_sensors_awake[mock_owlet_entry0][switch.owlet_sock_serial_number_base_station_on-state]
  StateSnapshot({
    'attributes': ReadOnlyDict({
      'friendly_name': 'Owlet Sock SERIAL_NUMBER Base station on',
    }),
    'context': <ANY>,
    'entity_id': 'switch.owlet_sock_serial_number_base_station_on',
    'last_changed': <ANY>,
    'last_reported': <ANY>,
    'last_updated': <ANY>,
    'state': 'unavailable',
  })
# ---
# name: test_sensors_charging[mock_owlet_entry0][switch.owlet_sock_serial_number_base_station_on-entry]
  EntityRegistryEntrySnapshot({
    'aliases': set({
    }),
    'area_id': None,
    'capabilities': None,
    'config_entry_id': <ANY>,
    'config_subentry_id': <ANY>,
    'device_class': None,
    'device_id': <ANY>,
    'disabled_by': None,
    'domain': 'switch',
    'entity_category': None,
    'entity_id': 'switch.owlet_sock_serial_number_base_station_on',
    'has_entity_name': True,
    'hidden_by': None,
    'icon': None,
    'id': <ANY>,
    'labels': set({
    }),
    'name': None,
    'options': dict({
    }),
    'original_device_class': None,
    'original_icon': None,
    'original_name': 'Base station on',
    'platform': 'owlet',
    'previous_unique_id': None,
    'supported_features': 0,
    'translation_key': 'base_on',
    'unique_id': 'SERIAL_NUMBER-base_station_on',
    'unit_of_measurement': None,
  })
# ---
# name: test_sensors_charging[mock_owlet_entry0][switch.owlet_sock_serial_number_base_station_on-state]
  StateSnapshot({
    'attributes': ReadOnlyDict({
      'friendly_name': 'Owlet Sock SERIAL_NUMBER Base station on',
    }),
    'context': <ANY>,
    'entity_id': 'switch.owlet_sock_serial_number_base_station_on',
    'last_changed': <ANY>,
    'last_reported': <ANY>,
    'last_updated': <ANY>,
    'state': 'unavailable',
  })
# ---
# name: test_sensors_v2[mock_owlet_entry0][switch.owlet_sock_serial_number_base_station_on-entry]
  EntityRegistryEntrySnapshot({
    'aliases': set({
    }),
    'area_id': None,
    'capabilities': None,
    'config_entry_id': <ANY>,
    'config_subentry_id': <ANY>,
    'device_class': None,
    'device_id': <ANY>,
    'disabled_by': None,
    'domain': 'switch',
    'entity_category': None,
    'entity_id': 'switch.owlet_sock_serial_number_base_station_on',
    'has_entity_name': True,
    'hidden_by': None,
    'icon': None,
    'id': <ANY>,
    'labels': set({
    }),
    'name': None,
    'options': dict({
    }),
    'original_device_class': None,
    'original_icon': None,
    'original_name': 'Base station on',
    'platform': 'owlet',
    'previous_unique_id': None,
    'supported_features': 0,
    'translation_key': 'base_on',
    'unique_id': 'SERIAL_NUMBER-base_station_on',
    'unit_of_measurement': None,
  })
# ---
# name: test_sensors_v2[mock_owlet_entry0][switch.owlet_sock_serial_number_base_station_on-state]
  StateSnapshot({
    'attributes': ReadOnlyDict({
      'friendly_name': 'Owlet Sock SERIAL_NUMBER Base station on',
    }),
    'context': <ANY>,
    'entity_id': 'switch.owlet_sock_serial_number_base_station_on',
    'last_changed': <ANY>,
    'last_reported': <ANY>,
    'last_updated': <ANY>,
    'state': 'unavailable',
  })
# ---
